// Jest Snapshot v1, https://goo.gl/fbAQLP

exports[`CustomResource Testing Should match snapshot 1`] = `
Object {
  "Parameters": Object {
    "BootstrapVersion": Object {
      "Default": "/cdk-bootstrap/hnb659fds/version",
      "Description": "Version of the CDK Bootstrap resources in this environment, automatically retrieved from SSM Parameter Store. [cdk:skip]",
      "Type": "AWS::SSM::Parameter::Value<String>",
    },
  },
  "Resources": Object {
    "AWS679f53fac002430cb0da5b7982bd22872D164C4C": Object {
      "DependsOn": Array [
        "AWS679f53fac002430cb0da5b7982bd2287ServiceRoleC1EA0FF2",
      ],
      "Properties": Object {
        "Code": Object {
          "S3Bucket": "cdk-hnb659fds-assets-123456789012-us-east-1",
          "S3Key": "6bbce4c77566d179835e0a6de3293a27d9021f2f49d0055bb8e465eb6e1d89b1.zip",
        },
        "Handler": "index.handler",
        "Role": Object {
          "Fn::GetAtt": Array [
            "AWS679f53fac002430cb0da5b7982bd2287ServiceRoleC1EA0FF2",
            "Arn",
          ],
        },
        "Runtime": "nodejs14.x",
        "Timeout": 120,
      },
      "Type": "AWS::Lambda::Function",
    },
    "AWS679f53fac002430cb0da5b7982bd2287ServiceRoleC1EA0FF2": Object {
      "Properties": Object {
        "AssumeRolePolicyDocument": Object {
          "Statement": Array [
            Object {
              "Action": "sts:AssumeRole",
              "Effect": "Allow",
              "Principal": Object {
                "Service": "lambda.amazonaws.com",
              },
            },
          ],
          "Version": "2012-10-17",
        },
        "ManagedPolicyArns": Array [
          Object {
            "Fn::Join": Array [
              "",
              Array [
                "arn:",
                Object {
                  "Ref": "AWS::Partition",
                },
                ":iam::aws:policy/service-role/AWSLambdaBasicExecutionRole",
              ],
            ],
          },
        ],
      },
      "Type": "AWS::IAM::Role",
    },
    "EC2InstanceConnectCustomResourceB58716F0": Object {
      "DeletionPolicy": "Delete",
      "DependsOn": Array [
        "EC2InstanceConnectCustomResourceCustomResourcePolicyF9AB3C7C",
      ],
      "Properties": Object {
        "Create": "{\\"service\\":\\"EC2\\",\\"action\\":\\"createInstanceConnectEndpoint\\",\\"parameters\\":{\\"SubnetId\\":\\"example-subnet-id\\",\\"DryRun\\":false,\\"PreserveClientIp\\":true,\\"SecurityGroupIds\\":[\\"example-security-group-id\\"]},\\"physicalResourceId\\":{\\"responsePath\\":\\"InstanceConnectEndpoint.InstanceConnectEndpointId\\"}}",
        "Delete": "{\\"service\\":\\"EC2\\",\\"action\\":\\"deleteInstanceConnectEndpoint\\",\\"parameters\\":{\\"DryRun\\":false,\\"InstanceConnectEndpointId\\":\\"PHYSICAL:RESOURCEID:\\"}}",
        "InstallLatestAwsSdk": true,
        "ServiceToken": Object {
          "Fn::GetAtt": Array [
            "AWS679f53fac002430cb0da5b7982bd22872D164C4C",
            "Arn",
          ],
        },
        "Update": "{\\"service\\":\\"EC2\\",\\"action\\":\\"createInstanceConnectEndpoint\\",\\"parameters\\":{\\"SubnetId\\":\\"example-subnet-id\\",\\"DryRun\\":false,\\"PreserveClientIp\\":true,\\"SecurityGroupIds\\":[\\"example-security-group-id\\"]},\\"physicalResourceId\\":{\\"responsePath\\":\\"InstanceConnectEndpoint.InstanceConnectEndpointId\\"}}",
      },
      "Type": "Custom::AWS",
      "UpdateReplacePolicy": "Delete",
    },
    "EC2InstanceConnectCustomResourceCustomResourcePolicyF9AB3C7C": Object {
      "Properties": Object {
        "PolicyDocument": Object {
          "Statement": Array [
            Object {
              "Action": Array [
                "iam:CreateServiceLinkedRole",
                "ec2:CreateInstanceConnectEndpoint",
                "ec2:CreateNetworkInterface",
                "ec2:CreateTags",
                "ec2:DeleteInstanceConnectEndpoint",
              ],
              "Effect": "Allow",
              "Resource": "*",
            },
          ],
          "Version": "2012-10-17",
        },
        "PolicyName": "EC2InstanceConnectCustomResourceCustomResourcePolicyF9AB3C7C",
        "Roles": Array [
          Object {
            "Ref": "AWS679f53fac002430cb0da5b7982bd2287ServiceRoleC1EA0FF2",
          },
        ],
      },
      "Type": "AWS::IAM::Policy",
    },
  },
  "Rules": Object {
    "CheckBootstrapVersion": Object {
      "Assertions": Array [
        Object {
          "Assert": Object {
            "Fn::Not": Array [
              Object {
                "Fn::Contains": Array [
                  Array [
                    "1",
                    "2",
                    "3",
                    "4",
                    "5",
                  ],
                  Object {
                    "Ref": "BootstrapVersion",
                  },
                ],
              },
            ],
          },
          "AssertDescription": "CDK bootstrap stack version 6 required. Please run 'cdk bootstrap' with a recent version of the CDK CLI.",
        },
      ],
    },
  },
}
`;
